[tape] 7,959,839 1-min bars  2004-06-30 21:00:00+00:00 .. 2026-07-07 16:00:00+00:00  (14.2s)
[  87.9s] проби 530,659 · без изпълнимо пълнене 1,214

========================================================================================================
ЖИВАТА ВЕРСИЯ (пали по НЕЗАВЪРШЕН дневен бар, както прави ботът) срещу ПОТВЪРДЕНАТА
========================================================================================================
  Твърдението, което проверявам: «живата е по-лоша, не по-добра» (F25, некерено там).
  Пълнене: първи 1-мин бар след затварянето на 15-мин пробата, на отваряне, лонг=ask.
  Време-изход 21 търговски дни (живото правило). Блоков бутстрап L=21 сделки
  (сделките се застъпват до 21 дни → по-къс блок лъже).

  събитие       вид                n      нето            95% (L=21)            95% (L=42)  присъда
  long_ma50     живо (всички)    662    +0.591 [   -0.818,   +2.143] [   -0.888,   +2.190]  ШУМ
  long_ma50     потвърдени       268    +5.580 [   +4.708,   +6.301] [   +4.590,   +6.265]  ПЕЧЕЛИ
  long_ma50     отпаднали        394    -2.803 [   -4.848,   -0.561] [   -5.035,   -0.732]  ГУБИ

  short_ma50    живо (всички)    669    -0.739 [   -2.230,   +0.693] [   -2.167,   +0.755]  ШУМ
  short_ma50    потвърдени       311    +3.233 [   +1.719,   +4.871] [   +1.594,   +5.104]  ПЕЧЕЛИ
  short_ma50    отпаднали        358    -4.190 [   -5.628,   -2.406] [   -5.563,   -2.320]  ГУБИ

  long_ma200    живо (всички)    287    +1.267 [   -0.814,   +2.999] [   -1.009,   +2.797]  ШУМ
  long_ma200    потвърдени       123    +6.244 [   +4.757,   +7.667] [   +4.774,   +7.604]  ПЕЧЕЛИ
  long_ma200    отпаднали        164    -2.466 [   -5.290,   -0.556] [   -4.729,   -1.049]  ГУБИ

  short_ma200   живо (всички)    272    -1.117 [   -3.117,   +0.701] [   -3.048,   +0.652]  ШУМ
  short_ma200   потвърдени       120    +4.593 [   +2.277,   +6.431] [   +2.591,   +6.274]  ПЕЧЕЛИ
  short_ma200   отпаднали        152    -5.625 [   -8.076,   -3.800] [   -7.984,   -3.872]  ГУБИ

  СВЕРКА с F25 (вход на ЗАТВАРЯНЕ на деня, същата SMA конвенция, 21д):
    long_ma50 -0.047 · short_ma50 -1.976 · long_ma200 -0.087 · short_ma200 -1.913
[ 231.3s] готово
